mode: set
github.com/EngSteven/pso-http-server/internal/algorithms/compress.go:20.81,23.16 2 1
github.com/EngSteven/pso-http-server/internal/algorithms/compress.go:23.16,26.3 1 1
github.com/EngSteven/pso-http-server/internal/algorithms/compress.go:27.2,27.17 1 1
github.com/EngSteven/pso-http-server/internal/algorithms/compress.go:27.17,29.3 1 1
github.com/EngSteven/pso-http-server/internal/algorithms/compress.go:32.2,33.16 2 1
github.com/EngSteven/pso-http-server/internal/algorithms/compress.go:33.16,36.3 2 1
github.com/EngSteven/pso-http-server/internal/algorithms/compress.go:37.2,45.32 6 1
github.com/EngSteven/pso-http-server/internal/algorithms/compress.go:46.14,49.17 3 1
github.com/EngSteven/pso-http-server/internal/algorithms/compress.go:49.17,52.4 2 0
github.com/EngSteven/pso-http-server/internal/algorithms/compress.go:53.3,60.7 6 1
github.com/EngSteven/pso-http-server/internal/algorithms/compress.go:60.7,61.11 1 1
github.com/EngSteven/pso-http-server/internal/algorithms/compress.go:62.20,66.50 3 0
github.com/EngSteven/pso-http-server/internal/algorithms/compress.go:67.12,67.12 0 1
github.com/EngSteven/pso-http-server/internal/algorithms/compress.go:70.4,71.13 2 1
github.com/EngSteven/pso-http-server/internal/algorithms/compress.go:71.13,73.5 1 1
github.com/EngSteven/pso-http-server/internal/algorithms/compress.go:74.4,74.21 1 1
github.com/EngSteven/pso-http-server/internal/algorithms/compress.go:74.21,75.10 1 1
github.com/EngSteven/pso-http-server/internal/algorithms/compress.go:77.4,77.18 1 1
github.com/EngSteven/pso-http-server/internal/algorithms/compress.go:77.18,80.5 2 0
github.com/EngSteven/pso-http-server/internal/algorithms/compress.go:83.12,88.17 4 1
github.com/EngSteven/pso-http-server/internal/algorithms/compress.go:88.17,91.4 2 0
github.com/EngSteven/pso-http-server/internal/algorithms/compress.go:92.3,97.35 4 1
github.com/EngSteven/pso-http-server/internal/algorithms/compress.go:97.35,100.4 2 0
github.com/EngSteven/pso-http-server/internal/algorithms/compress.go:102.10,104.60 1 1
github.com/EngSteven/pso-http-server/internal/algorithms/compress.go:107.2,120.64 4 1
github.com/EngSteven/pso-http-server/internal/algorithms/createfile.go:15.93,18.33 2 1
github.com/EngSteven/pso-http-server/internal/algorithms/createfile.go:18.33,21.3 1 1
github.com/EngSteven/pso-http-server/internal/algorithms/createfile.go:22.2,22.17 1 1
github.com/EngSteven/pso-http-server/internal/algorithms/createfile.go:22.17,24.3 1 1
github.com/EngSteven/pso-http-server/internal/algorithms/createfile.go:26.2,26.9 1 1
github.com/EngSteven/pso-http-server/internal/algorithms/createfile.go:27.18,29.46 1 1
github.com/EngSteven/pso-http-server/internal/algorithms/createfile.go:30.10,30.10 0 1
github.com/EngSteven/pso-http-server/internal/algorithms/createfile.go:33.2,35.16 3 1
github.com/EngSteven/pso-http-server/internal/algorithms/createfile.go:35.16,38.3 2 1
github.com/EngSteven/pso-http-server/internal/algorithms/createfile.go:40.2,46.64 2 1
github.com/EngSteven/pso-http-server/internal/algorithms/deletefile.go:14.72,17.16 2 1
github.com/EngSteven/pso-http-server/internal/algorithms/deletefile.go:17.16,20.3 1 1
github.com/EngSteven/pso-http-server/internal/algorithms/deletefile.go:22.2,22.9 1 1
github.com/EngSteven/pso-http-server/internal/algorithms/deletefile.go:23.18,25.46 1 1
github.com/EngSteven/pso-http-server/internal/algorithms/deletefile.go:26.10,26.10 0 1
github.com/EngSteven/pso-http-server/internal/algorithms/deletefile.go:29.2,29.40 1 1
github.com/EngSteven/pso-http-server/internal/algorithms/deletefile.go:29.40,32.3 2 1
github.com/EngSteven/pso-http-server/internal/algorithms/deletefile.go:34.2,40.64 2 1
github.com/EngSteven/pso-http-server/internal/algorithms/factor.go:13.67,16.12 2 1
github.com/EngSteven/pso-http-server/internal/algorithms/factor.go:16.12,19.3 1 1
github.com/EngSteven/pso-http-server/internal/algorithms/factor.go:21.2,21.9 1 1
github.com/EngSteven/pso-http-server/internal/algorithms/factor.go:22.18,24.46 1 0
github.com/EngSteven/pso-http-server/internal/algorithms/factor.go:25.10,25.10 0 1
github.com/EngSteven/pso-http-server/internal/algorithms/factor.go:28.2,32.17 3 1
github.com/EngSteven/pso-http-server/internal/algorithms/factor.go:32.17,33.10 1 1
github.com/EngSteven/pso-http-server/internal/algorithms/factor.go:34.19,36.51 1 0
github.com/EngSteven/pso-http-server/internal/algorithms/factor.go:37.11,39.12 2 1
github.com/EngSteven/pso-http-server/internal/algorithms/factor.go:44.2,44.65 1 1
github.com/EngSteven/pso-http-server/internal/algorithms/factor.go:44.65,45.10 1 1
github.com/EngSteven/pso-http-server/internal/algorithms/factor.go:46.19,48.51 1 0
github.com/EngSteven/pso-http-server/internal/algorithms/factor.go:49.11,50.19 1 1
github.com/EngSteven/pso-http-server/internal/algorithms/factor.go:50.19,53.5 2 1
github.com/EngSteven/pso-http-server/internal/algorithms/factor.go:58.2,58.13 1 1
github.com/EngSteven/pso-http-server/internal/algorithms/factor.go:58.13,60.3 1 1
github.com/EngSteven/pso-http-server/internal/algorithms/factor.go:62.2,68.64 2 1
github.com/EngSteven/pso-http-server/internal/algorithms/fibonacci.go:12.74,13.12 1 1
github.com/EngSteven/pso-http-server/internal/algorithms/fibonacci.go:13.12,16.3 1 1
github.com/EngSteven/pso-http-server/internal/algorithms/fibonacci.go:17.2,19.11 3 1
github.com/EngSteven/pso-http-server/internal/algorithms/fibonacci.go:19.11,21.3 1 1
github.com/EngSteven/pso-http-server/internal/algorithms/fibonacci.go:22.2,22.11 1 1
github.com/EngSteven/pso-http-server/internal/algorithms/fibonacci.go:22.11,24.26 2 1
github.com/EngSteven/pso-http-server/internal/algorithms/fibonacci.go:24.26,25.11 1 1
github.com/EngSteven/pso-http-server/internal/algorithms/fibonacci.go:26.20,28.50 1 0
github.com/EngSteven/pso-http-server/internal/algorithms/fibonacci.go:29.12,29.12 0 1
github.com/EngSteven/pso-http-server/internal/algorithms/fibonacci.go:31.4,31.41 1 1
github.com/EngSteven/pso-http-server/internal/algorithms/fibonacci.go:34.2,37.64 2 1
github.com/EngSteven/pso-http-server/internal/algorithms/grep.go:17.75,20.33 2 1
github.com/EngSteven/pso-http-server/internal/algorithms/grep.go:20.33,23.3 1 1
github.com/EngSteven/pso-http-server/internal/algorithms/grep.go:25.2,26.16 2 1
github.com/EngSteven/pso-http-server/internal/algorithms/grep.go:26.16,29.3 2 1
github.com/EngSteven/pso-http-server/internal/algorithms/grep.go:31.2,32.16 2 1
github.com/EngSteven/pso-http-server/internal/algorithms/grep.go:32.16,35.3 2 1
github.com/EngSteven/pso-http-server/internal/algorithms/grep.go:36.2,44.21 6 1
github.com/EngSteven/pso-http-server/internal/algorithms/grep.go:44.21,45.10 1 1
github.com/EngSteven/pso-http-server/internal/algorithms/grep.go:46.19,48.61 1 1
github.com/EngSteven/pso-http-server/internal/algorithms/grep.go:49.11,49.11 0 1
github.com/EngSteven/pso-http-server/internal/algorithms/grep.go:52.3,53.27 2 1
github.com/EngSteven/pso-http-server/internal/algorithms/grep.go:53.27,55.25 2 1
github.com/EngSteven/pso-http-server/internal/algorithms/grep.go:55.25,57.5 1 1
github.com/EngSteven/pso-http-server/internal/algorithms/grep.go:61.2,61.38 1 1
github.com/EngSteven/pso-http-server/internal/algorithms/grep.go:61.38,64.3 2 1
github.com/EngSteven/pso-http-server/internal/algorithms/grep.go:66.2,74.64 2 1
github.com/EngSteven/pso-http-server/internal/algorithms/hash.go:17.70,20.16 2 1
github.com/EngSteven/pso-http-server/internal/algorithms/hash.go:20.16,23.3 1 1
github.com/EngSteven/pso-http-server/internal/algorithms/hash.go:25.2,25.9 1 1
github.com/EngSteven/pso-http-server/internal/algorithms/hash.go:26.18,28.46 1 0
github.com/EngSteven/pso-http-server/internal/algorithms/hash.go:29.10,29.10 0 1
github.com/EngSteven/pso-http-server/internal/algorithms/hash.go:32.2,46.64 6 1
github.com/EngSteven/pso-http-server/internal/algorithms/hashfile.go:22.76,25.16 2 1
github.com/EngSteven/pso-http-server/internal/algorithms/hashfile.go:25.16,28.3 1 0
github.com/EngSteven/pso-http-server/internal/algorithms/hashfile.go:29.2,29.16 1 1
github.com/EngSteven/pso-http-server/internal/algorithms/hashfile.go:29.16,31.3 1 0
github.com/EngSteven/pso-http-server/internal/algorithms/hashfile.go:33.2,34.31 2 1
github.com/EngSteven/pso-http-server/internal/algorithms/hashfile.go:35.16,36.19 1 1
github.com/EngSteven/pso-http-server/internal/algorithms/hashfile.go:37.14,38.17 1 0
github.com/EngSteven/pso-http-server/internal/algorithms/hashfile.go:39.16,40.19 1 0
github.com/EngSteven/pso-http-server/internal/algorithms/hashfile.go:41.13,42.16 1 0
github.com/EngSteven/pso-http-server/internal/algorithms/hashfile.go:43.10,45.82 1 1
github.com/EngSteven/pso-http-server/internal/algorithms/hashfile.go:48.2,49.16 2 1
github.com/EngSteven/pso-http-server/internal/algorithms/hashfile.go:49.16,52.3 2 1
github.com/EngSteven/pso-http-server/internal/algorithms/hashfile.go:53.2,59.6 5 1
github.com/EngSteven/pso-http-server/internal/algorithms/hashfile.go:59.6,60.10 1 1
github.com/EngSteven/pso-http-server/internal/algorithms/hashfile.go:61.19,63.61 1 1
github.com/EngSteven/pso-http-server/internal/algorithms/hashfile.go:64.11,64.11 0 1
github.com/EngSteven/pso-http-server/internal/algorithms/hashfile.go:67.3,68.12 2 1
github.com/EngSteven/pso-http-server/internal/algorithms/hashfile.go:68.12,71.4 2 1
github.com/EngSteven/pso-http-server/internal/algorithms/hashfile.go:72.3,72.17 1 1
github.com/EngSteven/pso-http-server/internal/algorithms/hashfile.go:72.17,73.9 1 1
github.com/EngSteven/pso-http-server/internal/algorithms/hashfile.go:77.2,87.64 3 1
github.com/EngSteven/pso-http-server/internal/algorithms/isprime.go:15.80,18.12 2 1
github.com/EngSteven/pso-http-server/internal/algorithms/isprime.go:18.12,21.3 1 1
github.com/EngSteven/pso-http-server/internal/algorithms/isprime.go:23.2,23.18 1 1
github.com/EngSteven/pso-http-server/internal/algorithms/isprime.go:23.18,25.3 1 1
github.com/EngSteven/pso-http-server/internal/algorithms/isprime.go:27.2,27.9 1 1
github.com/EngSteven/pso-http-server/internal/algorithms/isprime.go:28.18,30.46 1 1
github.com/EngSteven/pso-http-server/internal/algorithms/isprime.go:31.10,31.10 0 1
github.com/EngSteven/pso-http-server/internal/algorithms/isprime.go:34.2,35.16 2 1
github.com/EngSteven/pso-http-server/internal/algorithms/isprime.go:36.15,37.39 1 1
github.com/EngSteven/pso-http-server/internal/algorithms/isprime.go:38.16,39.40 1 1
github.com/EngSteven/pso-http-server/internal/algorithms/isprime.go:40.10,42.70 1 1
github.com/EngSteven/pso-http-server/internal/algorithms/isprime.go:45.2,52.64 2 1
github.com/EngSteven/pso-http-server/internal/algorithms/isprime.go:58.60,59.11 1 1
github.com/EngSteven/pso-http-server/internal/algorithms/isprime.go:59.11,61.3 1 0
github.com/EngSteven/pso-http-server/internal/algorithms/isprime.go:62.2,62.12 1 1
github.com/EngSteven/pso-http-server/internal/algorithms/isprime.go:62.12,64.3 1 1
github.com/EngSteven/pso-http-server/internal/algorithms/isprime.go:65.2,65.14 1 1
github.com/EngSteven/pso-http-server/internal/algorithms/isprime.go:65.14,67.3 1 1
github.com/EngSteven/pso-http-server/internal/algorithms/isprime.go:69.2,70.40 2 1
github.com/EngSteven/pso-http-server/internal/algorithms/isprime.go:70.40,71.10 1 1
github.com/EngSteven/pso-http-server/internal/algorithms/isprime.go:72.19,73.16 1 0
github.com/EngSteven/pso-http-server/internal/algorithms/isprime.go:74.11,75.16 1 1
github.com/EngSteven/pso-http-server/internal/algorithms/isprime.go:75.16,77.5 1 1
github.com/EngSteven/pso-http-server/internal/algorithms/isprime.go:80.2,80.13 1 1
github.com/EngSteven/pso-http-server/internal/algorithms/isprime.go:84.65,85.11 1 1
github.com/EngSteven/pso-http-server/internal/algorithms/isprime.go:85.11,87.3 1 0
github.com/EngSteven/pso-http-server/internal/algorithms/isprime.go:88.2,88.22 1 1
github.com/EngSteven/pso-http-server/internal/algorithms/isprime.go:88.22,90.3 1 0
github.com/EngSteven/pso-http-server/internal/algorithms/isprime.go:91.2,91.14 1 1
github.com/EngSteven/pso-http-server/internal/algorithms/isprime.go:91.14,93.3 1 0
github.com/EngSteven/pso-http-server/internal/algorithms/isprime.go:96.2,98.15 3 1
github.com/EngSteven/pso-http-server/internal/algorithms/isprime.go:98.15,101.3 2 1
github.com/EngSteven/pso-http-server/internal/algorithms/isprime.go:103.2,103.25 1 1
github.com/EngSteven/pso-http-server/internal/algorithms/isprime.go:103.25,104.10 1 1
github.com/EngSteven/pso-http-server/internal/algorithms/isprime.go:105.19,106.16 1 0
github.com/EngSteven/pso-http-server/internal/algorithms/isprime.go:107.11,111.64 4 1
github.com/EngSteven/pso-http-server/internal/algorithms/isprime.go:111.64,112.13 1 1
github.com/EngSteven/pso-http-server/internal/algorithms/isprime.go:114.4,115.29 2 1
github.com/EngSteven/pso-http-server/internal/algorithms/isprime.go:115.29,117.36 2 1
github.com/EngSteven/pso-http-server/internal/algorithms/isprime.go:117.36,119.11 2 1
github.com/EngSteven/pso-http-server/internal/algorithms/isprime.go:122.4,122.13 1 1
github.com/EngSteven/pso-http-server/internal/algorithms/isprime.go:122.13,124.5 1 1
github.com/EngSteven/pso-http-server/internal/algorithms/isprime.go:127.2,127.13 1 1
github.com/EngSteven/pso-http-server/internal/algorithms/loadtest.go:14.86,17.20 2 1
github.com/EngSteven/pso-http-server/internal/algorithms/loadtest.go:17.20,20.3 1 1
github.com/EngSteven/pso-http-server/internal/algorithms/loadtest.go:21.2,21.22 1 1
github.com/EngSteven/pso-http-server/internal/algorithms/loadtest.go:21.22,24.3 1 1
github.com/EngSteven/pso-http-server/internal/algorithms/loadtest.go:26.2,26.9 1 1
github.com/EngSteven/pso-http-server/internal/algorithms/loadtest.go:27.18,29.58 1 1
github.com/EngSteven/pso-http-server/internal/algorithms/loadtest.go:30.10,30.10 0 1
github.com/EngSteven/pso-http-server/internal/algorithms/loadtest.go:33.2,37.34 4 1
github.com/EngSteven/pso-http-server/internal/algorithms/loadtest.go:37.34,38.10 1 1
github.com/EngSteven/pso-http-server/internal/algorithms/loadtest.go:39.19,41.93 1 0
github.com/EngSteven/pso-http-server/internal/algorithms/loadtest.go:42.11,44.24 2 1
github.com/EngSteven/pso-http-server/internal/algorithms/loadtest.go:44.24,47.12 2 1
github.com/EngSteven/pso-http-server/internal/algorithms/loadtest.go:48.21,52.12 4 0
github.com/EngSteven/pso-http-server/internal/algorithms/loadtest.go:53.13,57.17 4 1
github.com/EngSteven/pso-http-server/internal/algorithms/loadtest.go:63.2,72.64 3 1
github.com/EngSteven/pso-http-server/internal/algorithms/mandelbrot.go:15.102,18.47 2 1
github.com/EngSteven/pso-http-server/internal/algorithms/mandelbrot.go:18.47,21.3 1 1
github.com/EngSteven/pso-http-server/internal/algorithms/mandelbrot.go:23.2,23.9 1 1
github.com/EngSteven/pso-http-server/internal/algorithms/mandelbrot.go:24.18,26.59 1 0
github.com/EngSteven/pso-http-server/internal/algorithms/mandelbrot.go:27.10,27.10 0 1
github.com/EngSteven/pso-http-server/internal/algorithms/mandelbrot.go:31.2,37.30 6 1
github.com/EngSteven/pso-http-server/internal/algorithms/mandelbrot.go:37.30,39.3 1 1
github.com/EngSteven/pso-http-server/internal/algorithms/mandelbrot.go:42.2,42.33 1 1
github.com/EngSteven/pso-http-server/internal/algorithms/mandelbrot.go:42.33,43.10 1 1
github.com/EngSteven/pso-http-server/internal/algorithms/mandelbrot.go:44.19,46.64 1 0
github.com/EngSteven/pso-http-server/internal/algorithms/mandelbrot.go:47.11,48.34 1 1
github.com/EngSteven/pso-http-server/internal/algorithms/mandelbrot.go:48.34,53.40 5 1
github.com/EngSteven/pso-http-server/internal/algorithms/mandelbrot.go:53.40,54.13 1 1
github.com/EngSteven/pso-http-server/internal/algorithms/mandelbrot.go:55.22,57.78 1 0
github.com/EngSteven/pso-http-server/internal/algorithms/mandelbrot.go:58.14,62.13 4 1
github.com/EngSteven/pso-http-server/internal/algorithms/mandelbrot.go:65.5,65.24 1 1
github.com/EngSteven/pso-http-server/internal/algorithms/mandelbrot.go:70.2,71.14 2 1
github.com/EngSteven/pso-http-server/internal/algorithms/mandelbrot.go:71.14,74.3 2 1
github.com/EngSteven/pso-http-server/internal/algorithms/mandelbrot.go:76.2,85.64 2 1
github.com/EngSteven/pso-http-server/internal/algorithms/mandelbrot.go:89.58,91.16 2 1
github.com/EngSteven/pso-http-server/internal/algorithms/mandelbrot.go:91.16,93.3 1 0
github.com/EngSteven/pso-http-server/internal/algorithms/mandelbrot.go:94.2,100.30 5 1
github.com/EngSteven/pso-http-server/internal/algorithms/mandelbrot.go:100.30,101.30 1 1
github.com/EngSteven/pso-http-server/internal/algorithms/mandelbrot.go:101.30,103.4 1 1
github.com/EngSteven/pso-http-server/internal/algorithms/mandelbrot.go:104.3,104.18 1 1
github.com/EngSteven/pso-http-server/internal/algorithms/matrixmul.go:17.85,20.30 2 1
github.com/EngSteven/pso-http-server/internal/algorithms/matrixmul.go:20.30,23.3 1 1
github.com/EngSteven/pso-http-server/internal/algorithms/matrixmul.go:25.2,30.28 4 1
github.com/EngSteven/pso-http-server/internal/algorithms/matrixmul.go:30.28,33.29 3 1
github.com/EngSteven/pso-http-server/internal/algorithms/matrixmul.go:33.29,36.4 2 1
github.com/EngSteven/pso-http-server/internal/algorithms/matrixmul.go:40.2,41.28 2 1
github.com/EngSteven/pso-http-server/internal/algorithms/matrixmul.go:41.28,43.3 1 1
github.com/EngSteven/pso-http-server/internal/algorithms/matrixmul.go:46.2,46.28 1 1
github.com/EngSteven/pso-http-server/internal/algorithms/matrixmul.go:46.28,47.10 1 1
github.com/EngSteven/pso-http-server/internal/algorithms/matrixmul.go:48.19,50.59 1 0
github.com/EngSteven/pso-http-server/internal/algorithms/matrixmul.go:51.11,52.30 1 1
github.com/EngSteven/pso-http-server/internal/algorithms/matrixmul.go:52.30,54.31 2 1
github.com/EngSteven/pso-http-server/internal/algorithms/matrixmul.go:54.31,56.6 1 1
github.com/EngSteven/pso-http-server/internal/algorithms/matrixmul.go:57.5,57.12 1 1
github.com/EngSteven/pso-http-server/internal/algorithms/matrixmul.go:63.2,64.19 2 1
github.com/EngSteven/pso-http-server/internal/algorithms/matrixmul.go:64.19,65.23 1 1
github.com/EngSteven/pso-http-server/internal/algorithms/matrixmul.go:65.23,68.4 2 1
github.com/EngSteven/pso-http-server/internal/algorithms/matrixmul.go:70.2,79.64 3 1
github.com/EngSteven/pso-http-server/internal/algorithms/pi.go:13.72,16.36 2 1
github.com/EngSteven/pso-http-server/internal/algorithms/pi.go:16.36,19.3 1 1
github.com/EngSteven/pso-http-server/internal/algorithms/pi.go:21.2,21.9 1 1
github.com/EngSteven/pso-http-server/internal/algorithms/pi.go:22.18,24.59 1 0
github.com/EngSteven/pso-http-server/internal/algorithms/pi.go:25.10,25.10 0 1
github.com/EngSteven/pso-http-server/internal/algorithms/pi.go:29.2,41.64 5 1
github.com/EngSteven/pso-http-server/internal/algorithms/pi.go:46.67,55.17 4 1
github.com/EngSteven/pso-http-server/internal/algorithms/pi.go:55.17,57.3 1 1
github.com/EngSteven/pso-http-server/internal/algorithms/pi.go:59.2,59.29 1 1
github.com/EngSteven/pso-http-server/internal/algorithms/pi.go:59.29,60.10 1 1
github.com/EngSteven/pso-http-server/internal/algorithms/pi.go:61.19,62.26 1 0
github.com/EngSteven/pso-http-server/internal/algorithms/pi.go:63.11,63.11 0 1
github.com/EngSteven/pso-http-server/internal/algorithms/pi.go:67.3,68.15 2 1
github.com/EngSteven/pso-http-server/internal/algorithms/pi.go:68.15,70.4 1 1
github.com/EngSteven/pso-http-server/internal/algorithms/pi.go:73.3,91.21 12 1
github.com/EngSteven/pso-http-server/internal/algorithms/pi.go:95.2,101.14 6 1
github.com/EngSteven/pso-http-server/internal/algorithms/random.go:13.84,17.16 2 1
github.com/EngSteven/pso-http-server/internal/algorithms/random.go:17.16,20.3 1 1
github.com/EngSteven/pso-http-server/internal/algorithms/random.go:21.2,21.16 1 1
github.com/EngSteven/pso-http-server/internal/algorithms/random.go:21.16,24.3 1 1
github.com/EngSteven/pso-http-server/internal/algorithms/random.go:26.2,26.9 1 1
github.com/EngSteven/pso-http-server/internal/algorithms/random.go:27.18,29.46 1 1
github.com/EngSteven/pso-http-server/internal/algorithms/random.go:30.10,30.10 0 1
github.com/EngSteven/pso-http-server/internal/algorithms/random.go:33.2,35.29 3 1
github.com/EngSteven/pso-http-server/internal/algorithms/random.go:35.29,36.10 1 1
github.com/EngSteven/pso-http-server/internal/algorithms/random.go:37.19,39.48 1 0
github.com/EngSteven/pso-http-server/internal/algorithms/random.go:40.11,41.43 1 1
github.com/EngSteven/pso-http-server/internal/algorithms/random.go:45.2,53.64 2 1
github.com/EngSteven/pso-http-server/internal/algorithms/reverse.go:12.73,15.16 2 1
github.com/EngSteven/pso-http-server/internal/algorithms/reverse.go:15.16,18.3 1 1
github.com/EngSteven/pso-http-server/internal/algorithms/reverse.go:20.2,20.9 1 1
github.com/EngSteven/pso-http-server/internal/algorithms/reverse.go:21.18,23.46 1 1
github.com/EngSteven/pso-http-server/internal/algorithms/reverse.go:24.10,24.10 0 1
github.com/EngSteven/pso-http-server/internal/algorithms/reverse.go:28.2,29.54 2 1
github.com/EngSteven/pso-http-server/internal/algorithms/reverse.go:29.54,31.3 1 1
github.com/EngSteven/pso-http-server/internal/algorithms/reverse.go:33.2,39.64 2 1
github.com/EngSteven/pso-http-server/internal/algorithms/simulate.go:13.91,16.18 2 1
github.com/EngSteven/pso-http-server/internal/algorithms/simulate.go:16.18,19.3 1 1
github.com/EngSteven/pso-http-server/internal/algorithms/simulate.go:21.2,21.20 1 1
github.com/EngSteven/pso-http-server/internal/algorithms/simulate.go:21.20,23.3 1 0
github.com/EngSteven/pso-http-server/internal/algorithms/simulate.go:25.2,25.9 1 1
github.com/EngSteven/pso-http-server/internal/algorithms/simulate.go:26.18,28.60 1 1
github.com/EngSteven/pso-http-server/internal/algorithms/simulate.go:29.10,29.10 0 1
github.com/EngSteven/pso-http-server/internal/algorithms/simulate.go:33.2,33.31 1 1
github.com/EngSteven/pso-http-server/internal/algorithms/simulate.go:33.31,34.10 1 1
github.com/EngSteven/pso-http-server/internal/algorithms/simulate.go:35.19,37.92 2 1
github.com/EngSteven/pso-http-server/internal/algorithms/simulate.go:38.11,39.31 1 1
github.com/EngSteven/pso-http-server/internal/algorithms/simulate.go:43.2,50.64 2 1
github.com/EngSteven/pso-http-server/internal/algorithms/sleep.go:13.67,16.18 2 1
github.com/EngSteven/pso-http-server/internal/algorithms/sleep.go:16.18,19.3 1 1
github.com/EngSteven/pso-http-server/internal/algorithms/sleep.go:21.2,21.9 1 1
github.com/EngSteven/pso-http-server/internal/algorithms/sleep.go:22.18,24.55 1 1
github.com/EngSteven/pso-http-server/internal/algorithms/sleep.go:25.10,25.10 0 1
github.com/EngSteven/pso-http-server/internal/algorithms/sleep.go:28.2,28.31 1 1
github.com/EngSteven/pso-http-server/internal/algorithms/sleep.go:28.31,29.10 1 1
github.com/EngSteven/pso-http-server/internal/algorithms/sleep.go:30.19,32.92 2 1
github.com/EngSteven/pso-http-server/internal/algorithms/sleep.go:33.11,34.31 1 1
github.com/EngSteven/pso-http-server/internal/algorithms/sleep.go:38.2,44.64 2 1
github.com/EngSteven/pso-http-server/internal/algorithms/sortfile.go:21.76,24.16 2 1
github.com/EngSteven/pso-http-server/internal/algorithms/sortfile.go:24.16,27.3 1 1
github.com/EngSteven/pso-http-server/internal/algorithms/sortfile.go:28.2,28.16 1 1
github.com/EngSteven/pso-http-server/internal/algorithms/sortfile.go:28.16,30.3 1 1
github.com/EngSteven/pso-http-server/internal/algorithms/sortfile.go:32.2,32.9 1 1
github.com/EngSteven/pso-http-server/internal/algorithms/sortfile.go:33.18,35.59 1 1
github.com/EngSteven/pso-http-server/internal/algorithms/sortfile.go:36.10,36.10 0 1
github.com/EngSteven/pso-http-server/internal/algorithms/sortfile.go:40.2,42.16 3 1
github.com/EngSteven/pso-http-server/internal/algorithms/sortfile.go:42.16,45.3 2 1
github.com/EngSteven/pso-http-server/internal/algorithms/sortfile.go:46.2,51.21 5 1
github.com/EngSteven/pso-http-server/internal/algorithms/sortfile.go:51.21,52.10 1 1
github.com/EngSteven/pso-http-server/internal/algorithms/sortfile.go:53.19,55.61 1 0
github.com/EngSteven/pso-http-server/internal/algorithms/sortfile.go:56.11,56.11 0 1
github.com/EngSteven/pso-http-server/internal/algorithms/sortfile.go:58.3,59.17 2 1
github.com/EngSteven/pso-http-server/internal/algorithms/sortfile.go:59.17,60.12 1 0
github.com/EngSteven/pso-http-server/internal/algorithms/sortfile.go:62.3,62.47 1 1
github.com/EngSteven/pso-http-server/internal/algorithms/sortfile.go:62.47,64.4 1 1
github.com/EngSteven/pso-http-server/internal/algorithms/sortfile.go:66.2,69.23 2 1
github.com/EngSteven/pso-http-server/internal/algorithms/sortfile.go:69.23,72.3 1 1
github.com/EngSteven/pso-http-server/internal/algorithms/sortfile.go:75.2,76.14 2 1
github.com/EngSteven/pso-http-server/internal/algorithms/sortfile.go:77.15,78.41 1 1
github.com/EngSteven/pso-http-server/internal/algorithms/sortfile.go:79.15,80.21 1 1
github.com/EngSteven/pso-http-server/internal/algorithms/sortfile.go:81.10,83.68 1 1
github.com/EngSteven/pso-http-server/internal/algorithms/sortfile.go:85.2,91.16 5 1
github.com/EngSteven/pso-http-server/internal/algorithms/sortfile.go:91.16,94.3 2 0
github.com/EngSteven/pso-http-server/internal/algorithms/sortfile.go:95.2,98.28 3 1
github.com/EngSteven/pso-http-server/internal/algorithms/sortfile.go:98.28,99.10 1 1
github.com/EngSteven/pso-http-server/internal/algorithms/sortfile.go:100.19,102.61 1 0
github.com/EngSteven/pso-http-server/internal/algorithms/sortfile.go:103.11,104.27 1 1
github.com/EngSteven/pso-http-server/internal/algorithms/sortfile.go:107.2,122.64 4 1
github.com/EngSteven/pso-http-server/internal/algorithms/sortfile.go:126.59,127.19 1 1
github.com/EngSteven/pso-http-server/internal/algorithms/sortfile.go:127.19,129.3 1 1
github.com/EngSteven/pso-http-server/internal/algorithms/sortfile.go:130.2,131.9 2 1
github.com/EngSteven/pso-http-server/internal/algorithms/sortfile.go:132.18,133.13 1 0
github.com/EngSteven/pso-http-server/internal/algorithms/sortfile.go:134.10,134.10 0 1
github.com/EngSteven/pso-http-server/internal/algorithms/sortfile.go:136.2,138.27 3 1
github.com/EngSteven/pso-http-server/internal/algorithms/sortfile.go:141.37,144.38 3 1
github.com/EngSteven/pso-http-server/internal/algorithms/sortfile.go:144.38,145.26 1 1
github.com/EngSteven/pso-http-server/internal/algorithms/sortfile.go:145.26,148.4 2 1
github.com/EngSteven/pso-http-server/internal/algorithms/sortfile.go:148.9,151.4 2 1
github.com/EngSteven/pso-http-server/internal/algorithms/sortfile.go:153.2,155.15 3 1
github.com/EngSteven/pso-http-server/internal/algorithms/timestamp.go:12.61,15.9 2 1
github.com/EngSteven/pso-http-server/internal/algorithms/timestamp.go:16.18,18.46 1 0
github.com/EngSteven/pso-http-server/internal/algorithms/timestamp.go:19.10,19.10 0 1
github.com/EngSteven/pso-http-server/internal/algorithms/timestamp.go:22.2,32.64 3 1
github.com/EngSteven/pso-http-server/internal/algorithms/toupper.go:13.69,16.16 2 1
github.com/EngSteven/pso-http-server/internal/algorithms/toupper.go:16.16,19.3 1 1
github.com/EngSteven/pso-http-server/internal/algorithms/toupper.go:21.2,21.9 1 1
github.com/EngSteven/pso-http-server/internal/algorithms/toupper.go:22.18,24.46 1 0
github.com/EngSteven/pso-http-server/internal/algorithms/toupper.go:25.10,25.10 0 1
github.com/EngSteven/pso-http-server/internal/algorithms/toupper.go:28.2,35.64 3 1
github.com/EngSteven/pso-http-server/internal/algorithms/wordcount.go:16.71,19.16 2 1
github.com/EngSteven/pso-http-server/internal/algorithms/wordcount.go:19.16,22.3 1 0
github.com/EngSteven/pso-http-server/internal/algorithms/wordcount.go:24.2,25.16 2 1
github.com/EngSteven/pso-http-server/internal/algorithms/wordcount.go:25.16,28.3 2 1
github.com/EngSteven/pso-http-server/internal/algorithms/wordcount.go:29.2,40.6 5 1
github.com/EngSteven/pso-http-server/internal/algorithms/wordcount.go:40.6,41.10 1 1
github.com/EngSteven/pso-http-server/internal/algorithms/wordcount.go:42.19,44.61 1 0
github.com/EngSteven/pso-http-server/internal/algorithms/wordcount.go:45.11,45.11 0 1
github.com/EngSteven/pso-http-server/internal/algorithms/wordcount.go:48.3,49.12 2 1
github.com/EngSteven/pso-http-server/internal/algorithms/wordcount.go:49.12,54.4 4 1
github.com/EngSteven/pso-http-server/internal/algorithms/wordcount.go:55.3,55.17 1 1
github.com/EngSteven/pso-http-server/internal/algorithms/wordcount.go:55.17,56.9 1 1
github.com/EngSteven/pso-http-server/internal/algorithms/wordcount.go:60.2,68.64 2 1
